\BOOKMARK [1][-]{section.1}{\376\377\000E\000x\000e\000c\000u\000t\000i\000v\000e\000\040\000S\000u\000m\000m\000a\000r\000y}{}% 1
\BOOKMARK [2][-]{subsection.1.1}{\376\377\000P\000r\000o\000j\000e\000c\000t\000\040\000C\000o\000n\000t\000e\000x\000t}{section.1}% 2
\BOOKMARK [2][-]{subsection.1.2}{\376\377\000A\000r\000c\000h\000i\000t\000e\000c\000t\000u\000r\000a\000l\000\040\000P\000r\000o\000b\000l\000e\000m\000s\000\040\000A\000d\000d\000r\000e\000s\000s\000e\000d}{section.1}% 3
\BOOKMARK [2][-]{subsection.1.3}{\376\377\000K\000e\000y\000\040\000A\000c\000h\000i\000e\000v\000e\000m\000e\000n\000t\000s}{section.1}% 4
\BOOKMARK [1][-]{section.2}{\376\377\000P\000a\000t\000t\000e\000r\000n\000\040\0001\000:\000\040\000S\000t\000r\000a\000t\000e\000g\000y\000\040\000P\000a\000t\000t\000e\000r\000n\000\040\000\050\000B\000a\000c\000k\000e\000n\000d\000\051}{}% 5
\BOOKMARK [2][-]{subsection.2.1}{\376\377\000P\000r\000o\000b\000l\000e\000m\000\040\000S\000t\000a\000t\000e\000m\000e\000n\000t\000\040\000a\000n\000d\000\040\000C\000o\000n\000t\000e\000x\000t}{section.2}% 6
\BOOKMARK [3][-]{subsubsection.2.1.1}{\376\377\000A\000r\000c\000h\000i\000t\000e\000c\000t\000u\000r\000a\000l\000\040\000I\000s\000s\000u\000e\000s}{subsection.2.1}% 7
\BOOKMARK [3][-]{subsubsection.2.1.2}{\376\377\000C\000o\000d\000e\000\040\000S\000m\000e\000l\000l\000\040\000E\000x\000a\000m\000p\000l\000e}{subsection.2.1}% 8
\BOOKMARK [3][-]{subsubsection.2.1.3}{\376\377\000W\000h\000y\000\040\000T\000h\000i\000s\000\040\000i\000s\000\040\000P\000r\000o\000b\000l\000e\000m\000a\000t\000i\000c}{subsection.2.1}% 9
\BOOKMARK [2][-]{subsection.2.2}{\376\377\000S\000o\000l\000u\000t\000i\000o\000n\000:\000\040\000S\000t\000r\000a\000t\000e\000g\000y\000\040\000P\000a\000t\000t\000e\000r\000n}{section.2}% 10
\BOOKMARK [3][-]{subsubsection.2.2.1}{\376\377\000D\000e\000s\000i\000g\000n\000\040\000D\000e\000c\000i\000s\000i\000o\000n\000\040\000J\000u\000s\000t\000i\000f\000i\000c\000a\000t\000i\000o\000n}{subsection.2.2}% 11
\BOOKMARK [2][-]{subsection.2.3}{\376\377\000U\000M\000L\000\040\000C\000l\000a\000s\000s\000\040\000D\000i\000a\000g\000r\000a\000m}{section.2}% 12
\BOOKMARK [2][-]{subsection.2.4}{\376\377\000I\000m\000p\000l\000e\000m\000e\000n\000t\000a\000t\000i\000o\000n\000\040\000D\000e\000t\000a\000i\000l\000s}{section.2}% 13
\BOOKMARK [3][-]{subsubsection.2.4.1}{\376\377\000F\000i\000l\000e\000s\000\040\000C\000r\000e\000a\000t\000e\000d}{subsection.2.4}% 14
\BOOKMARK [3][-]{subsubsection.2.4.2}{\376\377\000S\000t\000r\000a\000t\000e\000g\000y\000\040\000I\000n\000t\000e\000r\000f\000a\000c\000e}{subsection.2.4}% 15
\BOOKMARK [3][-]{subsubsection.2.4.3}{\376\377\000C\000o\000n\000c\000r\000e\000t\000e\000\040\000S\000t\000r\000a\000t\000e\000g\000y\000\040\000E\000x\000a\000m\000p\000l\000e}{subsection.2.4}% 16
\BOOKMARK [3][-]{subsubsection.2.4.4}{\376\377\000C\000o\000n\000t\000e\000x\000t\000\040\000C\000l\000a\000s\000s}{subsection.2.4}% 17
\BOOKMARK [2][-]{subsection.2.5}{\376\377\000I\000n\000t\000e\000g\000r\000a\000t\000i\000o\000n\000\040\000i\000n\000t\000o\000\040\000E\000x\000i\000s\000t\000i\000n\000g\000\040\000C\000o\000d\000e\000b\000a\000s\000e}{section.2}% 18
\BOOKMARK [3][-]{subsubsection.2.5.1}{\376\377\000C\000h\000a\000n\000g\000e\000s\000\040\000t\000o\000\040\000m\000a\000i\000n\000.\000p\000y}{subsection.2.5}% 19
\BOOKMARK [3][-]{subsubsection.2.5.2}{\376\377\000C\000h\000a\000n\000g\000e\000s\000\040\000t\000o\000\040\000t\000a\000s\000k\000s\000.\000p\000y}{subsection.2.5}% 20
\BOOKMARK [2][-]{subsection.2.6}{\376\377\000B\000e\000n\000e\000f\000i\000t\000s\000\040\000A\000c\000h\000i\000e\000v\000e\000d}{section.2}% 21
\BOOKMARK [2][-]{subsection.2.7}{\376\377\000Q\000u\000a\000n\000t\000i\000t\000a\000t\000i\000v\000e\000\040\000I\000m\000p\000r\000o\000v\000e\000m\000e\000n\000t\000s}{section.2}% 22
\BOOKMARK [1][-]{section.3}{\376\377\000P\000a\000t\000t\000e\000r\000n\000\040\0002\000:\000\040\000S\000t\000a\000t\000e\000\040\000M\000a\000c\000h\000i\000n\000e\000\040\000P\000a\000t\000t\000e\000r\000n\000\040\000\050\000B\000a\000c\000k\000e\000n\000d\000\051}{}% 23
\BOOKMARK [2][-]{subsection.3.1}{\376\377\000P\000r\000o\000b\000l\000e\000m\000\040\000S\000t\000a\000t\000e\000m\000e\000n\000t\000\040\000a\000n\000d\000\040\000C\000o\000n\000t\000e\000x\000t}{section.3}% 24
\BOOKMARK [3][-]{subsubsection.3.1.1}{\376\377\000F\000i\000l\000e\000\040\000P\000r\000o\000c\000e\000s\000s\000i\000n\000g\000\040\000L\000i\000f\000e\000c\000y\000c\000l\000e\000\040\000I\000s\000s\000u\000e\000s}{subsection.3.1}% 25
\BOOKMARK [3][-]{subsubsection.3.1.2}{\376\377\000P\000r\000o\000b\000l\000e\000m\000s\000\040\000w\000i\000t\000h\000\040\000M\000a\000n\000u\000a\000l\000\040\000S\000t\000a\000t\000e\000\040\000M\000a\000n\000a\000g\000e\000m\000e\000n\000t}{subsection.3.1}% 26
\BOOKMARK [3][-]{subsubsection.3.1.3}{\376\377\000C\000o\000d\000e\000\040\000S\000m\000e\000l\000l\000\040\000E\000x\000a\000m\000p\000l\000e}{subsection.3.1}% 27
\BOOKMARK [2][-]{subsection.3.2}{\376\377\000S\000o\000l\000u\000t\000i\000o\000n\000:\000\040\000S\000t\000a\000t\000e\000\040\000M\000a\000c\000h\000i\000n\000e\000\040\000P\000a\000t\000t\000e\000r\000n}{section.3}% 28
\BOOKMARK [3][-]{subsubsection.3.2.1}{\376\377\000D\000e\000s\000i\000g\000n\000\040\000D\000e\000c\000i\000s\000i\000o\000n\000\040\000J\000u\000s\000t\000i\000f\000i\000c\000a\000t\000i\000o\000n}{subsection.3.2}% 29
\BOOKMARK [2][-]{subsection.3.3}{\376\377\000S\000t\000a\000t\000e\000\040\000D\000i\000a\000g\000r\000a\000m}{section.3}% 30
\BOOKMARK [2][-]{subsection.3.4}{\376\377\000S\000t\000a\000t\000e\000\040\000T\000r\000a\000n\000s\000i\000t\000i\000o\000n\000\040\000T\000a\000b\000l\000e}{section.3}% 31
\BOOKMARK [2][-]{subsection.3.5}{\376\377\000I\000m\000p\000l\000e\000m\000e\000n\000t\000a\000t\000i\000o\000n\000\040\000D\000e\000t\000a\000i\000l\000s}{section.3}% 32
\BOOKMARK [3][-]{subsubsection.3.5.1}{\376\377\000F\000i\000l\000e\000s\000\040\000C\000r\000e\000a\000t\000e\000d}{subsection.3.5}% 33
\BOOKMARK [3][-]{subsubsection.3.5.2}{\376\377\000S\000t\000a\000t\000e\000\040\000M\000a\000c\000h\000i\000n\000e\000\040\000I\000m\000p\000l\000e\000m\000e\000n\000t\000a\000t\000i\000o\000n}{subsection.3.5}% 34
\BOOKMARK [2][-]{subsection.3.6}{\376\377\000I\000n\000t\000e\000g\000r\000a\000t\000i\000o\000n\000\040\000i\000n\000t\000o\000\040\000T\000a\000s\000k\000s}{section.3}% 35
\BOOKMARK [2][-]{subsection.3.7}{\376\377\000B\000e\000n\000e\000f\000i\000t\000s\000\040\000A\000c\000h\000i\000e\000v\000e\000d}{section.3}% 36
\BOOKMARK [2][-]{subsection.3.8}{\376\377\000T\000e\000s\000t\000i\000n\000g\000\040\000t\000h\000e\000\040\000S\000t\000a\000t\000e\000\040\000M\000a\000c\000h\000i\000n\000e}{section.3}% 37
\BOOKMARK [1][-]{section.4}{\376\377\000P\000a\000t\000t\000e\000r\000n\000\040\0003\000:\000\040\000D\000e\000c\000o\000r\000a\000t\000o\000r\000\040\000P\000a\000t\000t\000e\000r\000n\000\040\000\050\000B\000a\000c\000k\000e\000n\000d\000\051}{}% 38
\BOOKMARK [2][-]{subsection.4.1}{\376\377\000P\000r\000o\000b\000l\000e\000m\000\040\000S\000t\000a\000t\000e\000m\000e\000n\000t\000\040\000a\000n\000d\000\040\000C\000o\000n\000t\000e\000x\000t}{section.4}% 39
\BOOKMARK [3][-]{subsubsection.4.1.1}{\376\377\000C\000r\000o\000s\000s\000-\000C\000u\000t\000t\000i\000n\000g\000\040\000C\000o\000n\000c\000e\000r\000n\000s\000\040\000D\000u\000p\000l\000i\000c\000a\000t\000i\000o\000n}{subsection.4.1}% 40
\BOOKMARK [3][-]{subsubsection.4.1.2}{\376\377\000C\000o\000d\000e\000\040\000D\000u\000p\000l\000i\000c\000a\000t\000i\000o\000n\000\040\000E\000x\000a\000m\000p\000l\000e}{subsection.4.1}% 41
\BOOKMARK [3][-]{subsubsection.4.1.3}{\376\377\000P\000r\000o\000b\000l\000e\000m\000s\000\040\000I\000d\000e\000n\000t\000i\000f\000i\000e\000d}{subsection.4.1}% 42
\BOOKMARK [2][-]{subsection.4.2}{\376\377\000S\000o\000l\000u\000t\000i\000o\000n\000:\000\040\000D\000e\000c\000o\000r\000a\000t\000o\000r\000\040\000P\000a\000t\000t\000e\000r\000n}{section.4}% 43
\BOOKMARK [3][-]{subsubsection.4.2.1}{\376\377\000D\000e\000s\000i\000g\000n\000\040\000D\000e\000c\000i\000s\000i\000o\000n\000\040\000J\000u\000s\000t\000i\000f\000i\000c\000a\000t\000i\000o\000n}{subsection.4.2}% 44
\BOOKMARK [2][-]{subsection.4.3}{\376\377\000I\000m\000p\000l\000e\000m\000e\000n\000t\000a\000t\000i\000o\000n\000\040\000D\000e\000t\000a\000i\000l\000s}{section.4}% 45
\BOOKMARK [3][-]{subsubsection.4.3.1}{\376\377\000F\000i\000l\000e\000s\000\040\000C\000r\000e\000a\000t\000e\000d}{subsection.4.3}% 46
\BOOKMARK [3][-]{subsubsection.4.3.2}{\376\377\000R\000e\000t\000r\000y\000\040\000D\000e\000c\000o\000r\000a\000t\000o\000r}{subsection.4.3}% 47
\BOOKMARK [3][-]{subsubsection.4.3.3}{\376\377\000T\000i\000m\000e\000o\000u\000t\000\040\000D\000e\000c\000o\000r\000a\000t\000o\000r}{subsection.4.3}% 48
\BOOKMARK [3][-]{subsubsection.4.3.4}{\376\377\000R\000a\000t\000e\000\040\000L\000i\000m\000i\000t\000e\000r\000\040\000D\000e\000c\000o\000r\000a\000t\000o\000r}{subsection.4.3}% 49
\BOOKMARK [3][-]{subsubsection.4.3.5}{\376\377\000C\000o\000m\000p\000o\000s\000i\000t\000e\000\040\000D\000e\000c\000o\000r\000a\000t\000o\000r}{subsection.4.3}% 50
\BOOKMARK [2][-]{subsection.4.4}{\376\377\000U\000s\000a\000g\000e\000\040\000E\000x\000a\000m\000p\000l\000e\000s}{section.4}% 51
\BOOKMARK [3][-]{subsubsection.4.4.1}{\376\377\000I\000n\000\040\000L\000L\000M\000\040\000S\000t\000r\000a\000t\000e\000g\000y}{subsection.4.4}% 52
\BOOKMARK [3][-]{subsubsection.4.4.2}{\376\377\000I\000n\000\040\000D\000a\000t\000a\000b\000a\000s\000e\000\040\000O\000p\000e\000r\000a\000t\000i\000o\000n\000s}{subsection.4.4}% 53
\BOOKMARK [2][-]{subsection.4.5}{\376\377\000B\000e\000n\000e\000f\000i\000t\000s\000\040\000A\000c\000h\000i\000e\000v\000e\000d}{section.4}% 54
\BOOKMARK [2][-]{subsection.4.6}{\376\377\000C\000o\000d\000e\000\040\000R\000e\000d\000u\000c\000t\000i\000o\000n\000\040\000M\000e\000t\000r\000i\000c\000s}{section.4}% 55
\BOOKMARK [1][-]{section.5}{\376\377\000B\000e\000f\000o\000r\000e\000\040\000a\000n\000d\000\040\000A\000f\000t\000e\000r\000\040\000A\000r\000c\000h\000i\000t\000e\000c\000t\000u\000r\000e}{}% 56
\BOOKMARK [2][-]{subsection.5.1}{\376\377\000A\000r\000c\000h\000i\000t\000e\000c\000t\000u\000r\000e\000\040\000C\000o\000m\000p\000a\000r\000i\000s\000o\000n}{section.5}% 57
\BOOKMARK [2][-]{subsection.5.2}{\376\377\000F\000i\000l\000e\000\040\000S\000t\000r\000u\000c\000t\000u\000r\000e\000\040\000C\000h\000a\000n\000g\000e\000s}{section.5}% 58
\BOOKMARK [1][-]{section.6}{\376\377\000T\000e\000s\000t\000i\000n\000g\000\040\000E\000v\000i\000d\000e\000n\000c\000e}{}% 59
\BOOKMARK [2][-]{subsection.6.1}{\376\377\000T\000e\000s\000t\000\040\000S\000u\000i\000t\000e\000\040\000S\000t\000r\000u\000c\000t\000u\000r\000e}{section.6}% 60
\BOOKMARK [2][-]{subsection.6.2}{\376\377\000U\000n\000i\000t\000\040\000T\000e\000s\000t\000\040\000R\000e\000s\000u\000l\000t\000s}{section.6}% 61
\BOOKMARK [2][-]{subsection.6.3}{\376\377\000I\000n\000t\000e\000g\000r\000a\000t\000i\000o\000n\000\040\000T\000e\000s\000t\000\040\000E\000x\000a\000m\000p\000l\000e}{section.6}% 62
\BOOKMARK [2][-]{subsection.6.4}{\376\377\000M\000a\000n\000u\000a\000l\000\040\000T\000e\000s\000t\000i\000n\000g\000\040\000V\000e\000r\000i\000f\000i\000c\000a\000t\000i\000o\000n}{section.6}% 63
\BOOKMARK [2][-]{subsection.6.5}{\376\377\000B\000a\000c\000k\000w\000a\000r\000d\000\040\000C\000o\000m\000p\000a\000t\000i\000b\000i\000l\000i\000t\000y\000\040\000V\000e\000r\000i\000f\000i\000c\000a\000t\000i\000o\000n}{section.6}% 64
\BOOKMARK [1][-]{section.7}{\376\377\000R\000e\000f\000l\000e\000c\000t\000i\000o\000n}{}% 65
\BOOKMARK [2][-]{subsection.7.1}{\376\377\000W\000h\000a\000t\000\040\000I\000m\000p\000r\000o\000v\000e\000d}{section.7}% 66
\BOOKMARK [3][-]{subsubsection.7.1.1}{\376\377\000M\000a\000i\000n\000t\000a\000i\000n\000a\000b\000i\000l\000i\000t\000y}{subsection.7.1}% 67
\BOOKMARK [3][-]{subsubsection.7.1.2}{\376\377\000R\000e\000l\000i\000a\000b\000i\000l\000i\000t\000y}{subsection.7.1}% 68
\BOOKMARK [3][-]{subsubsection.7.1.3}{\376\377\000C\000o\000d\000e\000\040\000Q\000u\000a\000l\000i\000t\000y}{subsection.7.1}% 69
\BOOKMARK [2][-]{subsection.7.2}{\376\377\000T\000r\000a\000d\000e\000-\000o\000f\000f\000s\000\040\000a\000n\000d\000\040\000C\000h\000a\000l\000l\000e\000n\000g\000e\000s}{section.7}% 70
\BOOKMARK [3][-]{subsubsection.7.2.1}{\376\377\000I\000n\000c\000r\000e\000a\000s\000e\000d\000\040\000F\000i\000l\000e\000\040\000C\000o\000u\000n\000t}{subsection.7.2}% 71
\BOOKMARK [3][-]{subsubsection.7.2.2}{\376\377\000L\000e\000a\000r\000n\000i\000n\000g\000\040\000C\000u\000r\000v\000e}{subsection.7.2}% 72
\BOOKMARK [3][-]{subsubsection.7.2.3}{\376\377\000P\000e\000r\000f\000o\000r\000m\000a\000n\000c\000e\000\040\000O\000v\000e\000r\000h\000e\000a\000d}{subsection.7.2}% 73
\BOOKMARK [3][-]{subsubsection.7.2.4}{\376\377\000M\000i\000g\000r\000a\000t\000i\000o\000n\000\040\000E\000f\000f\000o\000r\000t}{subsection.7.2}% 74
\BOOKMARK [2][-]{subsection.7.3}{\376\377\000L\000e\000s\000s\000o\000n\000s\000\040\000L\000e\000a\000r\000n\000e\000d}{section.7}% 75
\BOOKMARK [3][-]{subsubsection.7.3.1}{\376\377\000W\000h\000e\000n\000\040\000t\000o\000\040\000A\000p\000p\000l\000y\000\040\000D\000e\000s\000i\000g\000n\000\040\000P\000a\000t\000t\000e\000r\000n\000s}{subsection.7.3}% 76
\BOOKMARK [3][-]{subsubsection.7.3.2}{\376\377\000P\000a\000t\000t\000e\000r\000n\000\040\000S\000e\000l\000e\000c\000t\000i\000o\000n\000\040\000C\000r\000i\000t\000e\000r\000i\000a}{subsection.7.3}% 77
\BOOKMARK [3][-]{subsubsection.7.3.3}{\376\377\000I\000m\000p\000l\000e\000m\000e\000n\000t\000a\000t\000i\000o\000n\000\040\000B\000e\000s\000t\000\040\000P\000r\000a\000c\000t\000i\000c\000e\000s}{subsection.7.3}% 78
\BOOKMARK [2][-]{subsection.7.4}{\376\377\000R\000e\000a\000l\000-\000W\000o\000r\000l\000d\000\040\000I\000m\000p\000a\000c\000t}{section.7}% 79
\BOOKMARK [3][-]{subsubsection.7.4.1}{\376\377\000D\000e\000v\000e\000l\000o\000p\000e\000r\000\040\000E\000x\000p\000e\000r\000i\000e\000n\000c\000e}{subsection.7.4}% 80
\BOOKMARK [3][-]{subsubsection.7.4.2}{\376\377\000B\000u\000g\000\040\000P\000r\000e\000v\000e\000n\000t\000i\000o\000n}{subsection.7.4}% 81
\BOOKMARK [3][-]{subsubsection.7.4.3}{\376\377\000C\000o\000d\000e\000\040\000R\000e\000v\000i\000e\000w\000\040\000F\000e\000e\000d\000b\000a\000c\000k}{subsection.7.4}% 82
\BOOKMARK [1][-]{section.8}{\376\377\000C\000o\000n\000c\000l\000u\000s\000i\000o\000n}{}% 83
\BOOKMARK [2][-]{subsection.8.1}{\376\377\000S\000u\000m\000m\000a\000r\000y\000\040\000o\000f\000\040\000A\000c\000h\000i\000e\000v\000e\000m\000e\000n\000t\000s}{section.8}% 84
\BOOKMARK [2][-]{subsection.8.2}{\376\377\000Q\000u\000a\000n\000t\000i\000t\000a\000t\000i\000v\000e\000\040\000R\000e\000s\000u\000l\000t\000s}{section.8}% 85
\BOOKMARK [2][-]{subsection.8.3}{\376\377\000A\000l\000i\000g\000n\000m\000e\000n\000t\000\040\000w\000i\000t\000h\000\040\000A\000s\000s\000i\000g\000n\000m\000e\000n\000t\000\040\000O\000b\000j\000e\000c\000t\000i\000v\000e\000s}{section.8}% 86
\BOOKMARK [2][-]{subsection.8.4}{\376\377\000F\000u\000t\000u\000r\000e\000\040\000R\000e\000c\000o\000m\000m\000e\000n\000d\000a\000t\000i\000o\000n\000s}{section.8}% 87
\BOOKMARK [2][-]{subsection.8.5}{\376\377\000F\000i\000n\000a\000l\000\040\000T\000h\000o\000u\000g\000h\000t\000s}{section.8}% 88
